U
[FF][FF]Linux version 2.6.25.17 (root@phosphor) (gcc version 3.4.4) #5 Mon Apr 19 18:25:45 CEST 2010
flash_size passed from bootloader = -2144940312
CPU revision is: 00019374 (MIPS 24K)
Determined physical RAM map:
 memory: 02000000 @ 00000000 (usable)
User-defined physical RAM map:
 memory: 04000000 @ 00000000 (usable)
Zone PFN ranges:
  Normal          0 ->    16384
Movable zone start PFN for each node
early_node_map[1] active PFN ranges
    0:        0 ->    16384
Built 1 zonelists in Zone order[2C] mobility grouping on.  Total pages: 16256
Kernel command line: mem=64M console=ttyS0[2C]115200 root=31:00 rootfstype=squashfs ro init=/sbin/init
Primary instruction cache 64kB[2C] VIPT[2C] 4-way[2C] linesize 32 bytes.
Primary data cache 32kB[2C] 4-way[2C] VIPT[2C] cache aliases[2C] linesize 32 bytes
Synthesized clear page handler (25 instructions).
Synthesized copy page handler (44 instructions).
Cache parity protection disabled
PID hash table entries: 256 (order: 8[2C] 1024 bytes)
Dentry cache hash table entries: 8192 (order: 3[2C] 32768 bytes)
Inode-cache hash table entries: 4096 (order: 2[2C] 16384 bytes)
Memory: 62328k/65536k available (1923k kernel code[2C] 3140k reserved[2C] 433k data[2C] 116k init[2C] 0k highmem)
Mount-cache hash table entries: 512
net_namespace: 152 bytes
NET: Registered protocol family 16
SCSI subsystem initialized
usbcore: registered new interface driver usbfs
usbcore: registered new interface driver hub
usbcore: registered new device driver usb
NET: Registered protocol family 2
IP route cache hash table entries: 1024 (order: 0[2C] 4096 bytes)
TCP established hash table entries: 2048 (order: 2[2C] 16384 bytes)
TCP bind hash table entries: 2048 (order: 1[2C] 8192 bytes)
TCP: Hash tables configured (established 2048 bind 2048)
TCP reno registered
AR7100 GPIOC major 0
SXFLASHFlash ROM driver v1.0.0
MX25l: Serial Flash ROM Driver init 
SXFLASHEEPROM write count: sect0 12 sect1 11
SXFLASH:eeprom bind size 524288Byte
SXFLASH:Success eeprom init
SXFLASH:app bind size 15532032Byte
SXFLASH:rootfs bind size 13959168Byte
Creating 1 MTD partitions on [22]sxflash[22]:
0x00000000-0x00d50000 : [22]rootfs[22]
SXFLASH:art bind size 65536Byte
squashfs: version 3.4 (2008/08/26) Phillip Lougher
io scheduler noop registered
io scheduler anticipatory registered (default)
Serial: 8250/16550 driver $Revision: 1.90 $ 1 ports[2C] IRQ sharing disabled
serial8250.0: ttyS0 at MMIO 0x0 (irq = 0) is a 16550A
console [ttyS0] enabled
Driver 'sd' needs updating - please use bus_type methods
ar7100-ehci ar7100-ehci.0: ATH EHCI
ar7100-ehci ar7100-ehci.0: new USB bus registered[2C] assigned bus number 1
ar7100-ehci ar7100-ehci.0: irq 3[2C] io mem 0x1b000000
ar7100-ehci ar7100-ehci.0: USB 2.0 started[2C] EHCI 1.00[2C] driver 10 Dec 2004
usb usb1: configuration #1 chosen from 1 choice
hub 1-0:1.0: USB hub found
hub 1-0:1.0: 1 port detected
TCP cubic registered
NET: Registered protocol family 1
NET: Registered protocol family 17
ar7100wdt_init: Registering WDT success
VFS: Mounted root (squashfs filesystem) readonly.
Freeing unused kernel memory: 116k freed
Warning: unable to open an initial console.
Algorithmics/MIPS FPU Emulator v1.5
usb 1-1: new high speed USB device using ar7100-ehci and address 2
usb 1-1: configuration #1 chosen from 1 choice
hub 1-1:1.0: USB hub found
hub 1-1:1.0: 4 ports detected
ath_hal: module license 'Proprietary' taints kernel.
init_ath_wmac: __ath_attach
fuse init (API version 7.8)
fuse distribution version: 2.7.4
